// Jest Snapshot v1, https://goo.gl/fbAQLP

exports[`Map component renders the map with a marker 1`] = `
<div
  className="markercluster-map"
/>
`;
